export const snapshot = {};

snapshot[`generateOazapftsClientOf generates client from openapi specification 1`] = `
'/**
 * App
 * 0.0.1
 * DO NOT MODIFY - This file has been generated using oazapfts.
 * See https://www.npmjs.com/package/oazapfts
 */
import * as Oazapfts from "@oazapfts/runtime";
import * as QS from "@oazapfts/runtime/query";
export const defaults: Oazapfts.Defaults<Oazapfts.CustomHeaders> = {
    headers: {},
    baseUrl: "/",
};
const oazapfts = Oazapfts.runtime(defaults);
export const servers = {};
export type Person = {
    name: string;
};
/**
 * Gets Person
 */
export function getPeopleByName(name: string, opts?: Oazapfts.RequestOpts) {
    return oazapfts.ok(oazapfts.fetchJson<{
        status: 200;
        data: Person;
    }>(\`/people/\${encodeURIComponent(name)}\`, {
        ...opts
    }));
}
/**
 * Creates Person
 */
export function postPeople(person: Person, opts?: Oazapfts.RequestOpts) {
    return oazapfts.ok(oazapfts.fetchJson<{
        status: 200;
        data: Person;
    }>("/people", oazapfts.json({
        ...opts,
        method: "POST",
        body: person
    })));
}
'
`;
